LOAD 'pg_dbms_errlog';
SET pg_dbms_errlog.synchronous = query;
-- Create the error log table for relation t1
CALL dbms_errlog.create_error_log('t1');
SELECT count(*) FROM dbms_errlog.register_errlog_tables ;
 count 
-------
     1
(1 row)

-- Set error log behavior for this DML batch
SET pg_dbms_errlog.query_tag TO 'daily_load';
SET pg_dbms_errlog.reject_limit TO 25;
SET pg_dbms_errlog.enabled TO true;
-- Start a transaction
BEGIN;
-- Insert will fail
SAVEPOINT aze;
INSERT INTO t1 VALUES ('10.4');
ROLLBACK TO aze;
SELECT * FROM "ERR$_t1"
ORDER BY "pg_err_number$" COLLATE "C", "pg_err_mesg$" COLLATE "C";
 pg_err_number$ |                 pg_err_mesg$                 | pg_err_optyp$ | pg_err_tag$ |          pg_err_query$          |                               pg_err_detail$                                
----------------+----------------------------------------------+---------------+-------------+---------------------------------+-----------------------------------------------------------------------------
 22P02          | invalid input syntax for type bigint: "10.4" | I             | daily_load  | INSERT INTO t1 VALUES ('10.4'); | ERROR:  22P02: invalid input syntax for type bigint: "10.4" at character 24+
                |                                              |               |             |                                 | STATEMENT:  INSERT INTO t1 VALUES ('10.4');                                +
                |                                              |               |             |                                 | 
(1 row)

-- Insert successful
INSERT INTO t1 VALUES (1);
-- Insert will fail on duplicate key
SAVEPOINT aze;
INSERT INTO t1 VALUES (1);
ROLLBACK TO aze;
SELECT * FROM "ERR$_t1"
ORDER BY "pg_err_number$" COLLATE "C", "pg_err_mesg$" COLLATE "C";
 pg_err_number$ |                       pg_err_mesg$                       | pg_err_optyp$ | pg_err_tag$ |          pg_err_query$          |                               pg_err_detail$                                
----------------+----------------------------------------------------------+---------------+-------------+---------------------------------+-----------------------------------------------------------------------------
 22P02          | invalid input syntax for type bigint: "10.4"             | I             | daily_load  | INSERT INTO t1 VALUES ('10.4'); | ERROR:  22P02: invalid input syntax for type bigint: "10.4" at character 24+
                |                                                          |               |             |                                 | STATEMENT:  INSERT INTO t1 VALUES ('10.4');                                +
                |                                                          |               |             |                                 | 
 23505          | duplicate key value violates unique constraint "t1_pkey" | I             | daily_load  | INSERT INTO t1 VALUES (1);      | ERROR:  23505: duplicate key value violates unique constraint "t1_pkey"    +
                |                                                          |               |             |                                 | DETAIL:  Key (a)=(1) already exists.                                       +
                |                                                          |               |             |                                 | STATEMENT:  INSERT INTO t1 VALUES (1);                                     +
                |                                                          |               |             |                                 | 
(2 rows)

PREPARE prep_insert AS INSERT INTO t1 VALUES ($1);
-- Insert successful
SAVEPOINT aze;
EXECUTE prep_insert(2);
ROLLBACK TO aze;
-- Insert will fail
SAVEPOINT aze;
EXECUTE prep_insert('10.5');
ROLLBACK TO aze;
DEALLOCATE prep_insert;
ROLLBACK;
-- Looking at error logging table
\x
SELECT * FROM "ERR$_t1"
ORDER BY "pg_err_number$" COLLATE "C", "pg_err_mesg$" COLLATE "C";
-[ RECORD 1 ]--+----------------------------------------------------------------------------
pg_err_number$ | 22P02
pg_err_mesg$   | invalid input syntax for type bigint: "10.4"
pg_err_optyp$  | I
pg_err_tag$    | daily_load
pg_err_query$  | INSERT INTO t1 VALUES ('10.4');
pg_err_detail$ | ERROR:  22P02: invalid input syntax for type bigint: "10.4" at character 24+
               | STATEMENT:  INSERT INTO t1 VALUES ('10.4');                                +
               | 
-[ RECORD 2 ]--+----------------------------------------------------------------------------
pg_err_number$ | 22P02
pg_err_mesg$   | invalid input syntax for type bigint: "10.5"
pg_err_optyp$  | I
pg_err_tag$    | daily_load
pg_err_query$  | PREPARE prep_insert AS INSERT INTO t1 VALUES ($1);
pg_err_detail$ | ERROR:  22P02: invalid input syntax for type bigint: "10.5" at character 21+
               | STATEMENT:  EXECUTE prep_insert('10.5');                                   +
               | 
-[ RECORD 3 ]--+----------------------------------------------------------------------------
pg_err_number$ | 23505
pg_err_mesg$   | duplicate key value violates unique constraint "t1_pkey"
pg_err_optyp$  | I
pg_err_tag$    | daily_load
pg_err_query$  | INSERT INTO t1 VALUES (1);
pg_err_detail$ | ERROR:  23505: duplicate key value violates unique constraint "t1_pkey"    +
               | DETAIL:  Key (a)=(1) already exists.                                       +
               | STATEMENT:  INSERT INTO t1 VALUES (1);                                     +
               | 

\x
TRUNCATE "ERR$_t1";
-- test queue discard on rollback
SET pg_dbms_errlog.synchronous = off;
BEGIN;
SAVEPOINT aze;
INSERT INTO t1 VALUES ('queue 1');
ROLLBACK TO aze;
-- commit should discard the queue
ROLLBACK;
SELECT dbms_errlog.publish_queue(true);
 publish_queue 
---------------
 t
(1 row)

SELECT 0 AS exp, count(*) FROM "ERR$_t1";
 exp | count 
-----+-------
   0 |     0
(1 row)

BEGIN;
INSERT INTO t1 VALUES ('queue 2');
-- unsuccessful commit should discard the queue
COMMIT;
SELECT dbms_errlog.publish_queue(true);
 publish_queue 
---------------
 t
(1 row)

SELECT 0 AS exp, count(*) FROM "ERR$_t1";
 exp | count 
-----+-------
   0 |     0
(1 row)

BEGIN;
SAVEPOINT aze;
INSERT INTO t1 VALUES ('queue 3');
ROLLBACK TO aze;
SET pg_dbms_errlog.synchronous = query;
-- commit should publish the queue even in query level sync
COMMIT;
SELECT 1 AS exp, count(*) FROM "ERR$_t1";
 exp | count 
-----+-------
   1 |     1
(1 row)

SET pg_dbms_errlog.synchronous = off;
BEGIN;
SAVEPOINT aze;
INSERT INTO t1 VALUES ('queue 4');
ROLLBACK TO aze;
-- should publish the queue and wait for the result
SELECT dbms_errlog.publish_queue(true);
 publish_queue 
---------------
 t
(1 row)

SELECT 2 AS exp, count(*) FROM "ERR$_t1";
 exp | count 
-----+-------
   2 |     2
(1 row)

-- error should still be visible in the error table
ROLLBACK;
SELECT 2 AS exp, count(*) FROM "ERR$_t1";
 exp | count 
-----+-------
   2 |     2
(1 row)

TRUNCATE "ERR$_t1";
-- test queuing multiple batches
SET pg_dbms_errlog.synchronous = off;
SET pg_dbms_errlog.frequency TO '1h';
BEGIN;
SAVEPOINT aze;
INSERT INTO t1 VALUES ('queue 5');
ROLLBACK TO aze;
COMMIT;
SELECT 0 AS exp, count(*) FROM "ERR$_t1";
 exp | count 
-----+-------
   0 |     0
(1 row)

BEGIN;
SAVEPOINT aze;
INSERT INTO t1 VALUES ('queue 6');
ROLLBACK TO aze;
SET pg_dbms_errlog.synchronous = query;
COMMIT;
SELECT 2 AS exp, count(*) FROM "ERR$_t1";
 exp | count 
-----+-------
   2 |     2
(1 row)

TRUNCATE "ERR$_t1";
-- test waiting for already published batches
SET pg_dbms_errlog.synchronous = off;
BEGIN;
SAVEPOINT aze;
INSERT INTO t1 VALUES ('queue 7');
ROLLBACK TO aze;
COMMIT;
BEGIN;
SAVEPOINT aze;
INSERT INTO t1 VALUES ('queue 8');
ROLLBACK TO aze;
COMMIT;
SELECT 0 AS exp, count(*) FROM "ERR$_t1";
 exp | count 
-----+-------
   0 |     0
(1 row)

SELECT dbms_errlog.publish_queue(true);
 publish_queue 
---------------
 t
(1 row)

SELECT 2 AS exp, count(*) FROM "ERR$_t1";
 exp | count 
-----+-------
   2 |     2
(1 row)

TRUNCATE "ERR$_t1";
-- test transaction level sync
SET pg_dbms_errlog.synchronous = transaction;
BEGIN;
SAVEPOINT aze;
INSERT INTO t1 VALUES ('queue 9');
ROLLBACK TO aze;
-- the error should not have been published or processed
SELECT 0 AS exp, count(*) FROM "ERR$_t1";
 exp | count 
-----+-------
   0 |     0
(1 row)

-- commit should publish the error and wait for the result
COMMIT;
SELECT 1 AS exp, count(*) FROM "ERR$_t1";
 exp | count 
-----+-------
   1 |     1
(1 row)

RESET pg_dbms_errlog.frequency;
-- Dropping one of the table
BEGIN;
DROP TABLE "ERR$_t1";
SELECT count(*) FROM dbms_errlog.register_errlog_tables ;
 count 
-------
     0
(1 row)

ROLLBACK;
SELECT count(*) FROM dbms_errlog.register_errlog_tables ;
 count 
-------
     1
(1 row)

BEGIN;
DROP TABLE t1;
SELECT count(*) FROM dbms_errlog.register_errlog_tables ;
 count 
-------
     0
(1 row)

ROLLBACK;
SELECT count(*) FROM dbms_errlog.register_errlog_tables ;
 count 
-------
     1
(1 row)

DROP TABLE "ERR$_t1";
